xacro: in-order processing became default in ROS Melodic. You can drop the option.
ALSA lib confmisc.c:767:(parse_card) cannot find card '0'
ALSA lib conf.c:4528:(_snd_config_evaluate) function snd_func_card_driver returned error: No such file or directory
ALSA lib confmisc.c:392:(snd_func_concat) error evaluating strings
ALSA lib conf.c:4528:(_snd_config_evaluate) function snd_func_concat returned error: No such file or directory
ALSA lib confmisc.c:1246:(snd_func_refer) error evaluating name
ALSA lib conf.c:4528:(_snd_config_evaluate) function snd_func_refer returned error: No such file or directory
ALSA lib conf.c:5007:(snd_config_expand) Evaluate error: No such file or directory
ALSA lib pcm.c:2495:(snd_pcm_open_noupdate) Unknown PCM default
AL lib: (EE) ALCplaybackAlsa_open: Could not open playback device 'default': No such file or directory
[33m[ WARN] [1775456912.299152383, 0.141000000]: Failed to meet update rate! Took 0.14100000000000001421[0m
[33m[ WARN] [1775456912.300253425, 0.142000000]: Failed to meet update rate! Took 0.12100000000000001033[0m
[0m[ INFO] [1775456911.285129091]: Finished loading Gazebo ROS API Plugin.[0m
[0m[ INFO] [1775456911.286511008]: waitForService: Service [/gazebo/set_physics_properties] has not been advertised, waiting...[0m
[0m[ INFO] [1775456912.009481550]: waitForService: Service [/gazebo/set_physics_properties] is now available.[0m
[0m[ INFO] [1775456912.032357883, 0.004000000]: Physics dynamic reconfigure ready.[0m
[1;33mWarning [parser_urdf.cc:1115][0m multiple inconsistent <gravity> exists due to fixed joint reduction overwriting previous value [true] with [false].
[1;33mWarning [parser_urdf.cc:1115][0m multiple inconsistent <gravity> exists due to fixed joint reduction overwriting previous value [false] with [true].
[31m[ERROR] [1775456914.084931884, 0.882000000]: No p gain specified for pid.  Namespace: /gazebo_ros_control/pid_gains/front_left_wheel[0m
[31m[ERROR] [1775456914.085510676, 0.882000000]: No p gain specified for pid.  Namespace: /gazebo_ros_control/pid_gains/front_right_wheel[0m
[31m[ERROR] [1775456914.086009301, 0.882000000]: No p gain specified for pid.  Namespace: /gazebo_ros_control/pid_gains/rear_left_wheel[0m
[31m[ERROR] [1775456914.086386259, 0.882000000]: No p gain specified for pid.  Namespace: /gazebo_ros_control/pid_gains/rear_right_wheel[0m
  File "/jackal_ws/src/the-barn-challenge/nav_node.py", line 226
    rospy.loginfo(f"BC Navigator started. Goal: ({goal_x}, {goal_y})")
                                                                    ^
SyntaxError: invalid syntax
